// Jest Snapshot v1, https://goo.gl/fbAQLP

exports[`Math functions sum function snapshot 1`] = `10`;
